[2025-11-20 14:44:11] (ERROR @ C:\xampp\htdocs\sr-transfers\classes\EmailSender.php : 7) PHP warning: require_once(C:\xampp\htdocs\sr-transfers\classes/../vendor/autoload.php): Failed to open stream: No such file or directory
[2025-11-20 14:44:54] (ERROR @ C:\xampp\htdocs\sr-transfers\classes\EmailSender.php : 7) PHP warning: require_once(C:\xampp\htdocs\sr-transfers\classes/../assets/vendor/autoload.php): Failed to open stream: No such file or directory
[2025-11-20 14:44:58] (ERROR @ C:\xampp\htdocs\sr-transfers\classes\EmailSender.php : 7) PHP warning: require_once(C:\xampp\htdocs\sr-transfers\classes/../assets/vendor/autoload.php): Failed to open stream: No such file or directory
[2025-11-21 10:22:17] (ERROR @ C:\xampp\htdocs\sr-transfers\core\cache\includes\elements\modx\revolution\modsnippet\1.include.cache.php : 23) PHP warning: file_put_contents(C:/xampp/htdocs/sr-transfers/assets/cache/google_reviews_cache.json): Failed to open stream: No such file or directory
[2025-11-21 10:27:55] (ERROR @ C:\xampp\htdocs\sr-transfers\core\cache\includes\elements\modx\revolution\modsnippet\1.include.cache.php : 23) PHP warning: file_put_contents(C:/xampp/htdocs/sr-transfers/assets/cache/google_reviews_cache.json): Failed to open stream: No such file or directory
[2025-11-21 13:20:28] (ERROR @ C:\xampp\htdocs\sr-transfers\core\cache\includes\elements\modx\revolution\modsnippet\1.include.cache.php : 23) PHP warning: file_put_contents(C:/xampp/htdocs/sr-transfers/assets/cache/google_reviews_cache.json): Failed to open stream: No such file or directory
[2025-11-21 13:28:18] (ERROR @ C:\xampp\htdocs\sr-transfers\core\cache\includes\elements\modx\revolution\modsnippet\1.include.cache.php : 23) PHP warning: file_put_contents(C:/xampp/htdocs/sr-transfers/assets/cache/google_reviews_cache.json): Failed to open stream: No such file or directory
[2025-11-25 17:25:36] (ERROR @ C:\xampp\htdocs\sr-transfers\classes\EmailSender.php : 6) PHP warning: require(C:\xampp\htdocs\sr-transfers\classes/../../libs/PHPMailer/src/Exception.php): Failed to open stream: No such file or directory
[2025-11-25 17:25:51] (ERROR @ C:\xampp\htdocs\sr-transfers\classes\EmailSender.php : 6) PHP warning: require(C:\xampp\htdocs\sr-transfers\classeslibs/PHPMailer/src/Exception.php): Failed to open stream: No such file or directory
[2025-11-25 17:26:27] (ERROR @ C:\xampp\htdocs\sr-transfers\classes\EmailSender.php : 6) PHP warning: require(C:\xampp\htdocs\sr-transfers\classes/../../libs/PHPMailer/src/Exception.php): Failed to open stream: No such file or directory
[2025-11-26 04:57:47] (ERROR @ C:\xampp\htdocs\sr-transfers\core\cache\includes\elements\modx\revolution\modsnippet\1.include.cache.php : 23) PHP warning: file_put_contents(C:/xampp/htdocs/sr-transfers/assets/cache/google_reviews_cache.json): Failed to open stream: No such file or directory
[2025-11-28 10:00:32] (ERROR @ C:\xampp\htdocs\sr-transfers\core\cache\includes\elements\modx\revolution\modsnippet\1.include.cache.php : 23) PHP warning: file_put_contents(C:/xampp/htdocs/sr-transfers/assets/cache/google_reviews_cache.json): Failed to open stream: No such file or directory
[2026-04-27 06:03:44] (ERROR @ C:\xampp\htdocs\sr-transfers\core\cache\includes\elements\modx\revolution\modsnippet\1.include.cache.php : 23) PHP warning: file_put_contents(C:/xampp/htdocs/sr-transfers/assets/cache/google_reviews_cache.json): Failed to open stream: No such file or directory
[2026-04-27 06:04:22] (ERROR @ C:\xampp\htdocs\sr-transfers\core\cache\includes\elements\modx\revolution\modsnippet\1.include.cache.php : 23) PHP warning: file_put_contents(C:/xampp/htdocs/sr-transfers/assets/cache/google_reviews_cache.json): Failed to open stream: No such file or directory
[2026-04-27 06:53:25] (ERROR @ C:\xampp\htdocs\sr-transfers\core\cache\includes\elements\modx\revolution\modsnippet\1.include.cache.php : 23) PHP warning: file_put_contents(C:/xampp/htdocs/sr-transfers/assets/cache/google_reviews_cache.json): Failed to open stream: No such file or directory
[2026-04-27 06:53:37] (ERROR @ C:\xampp\htdocs\sr-transfers\core\cache\includes\elements\modx\revolution\modsnippet\1.include.cache.php : 23) PHP warning: file_put_contents(C:/xampp/htdocs/sr-transfers/assets/cache/google_reviews_cache.json): Failed to open stream: No such file or directory
[2026-04-27 07:42:29] (ERROR @ C:\xampp\htdocs\sr-transfers\core\cache\includes\elements\modx\revolution\modsnippet\1.include.cache.php : 23) PHP warning: file_put_contents(C:/xampp/htdocs/sr-transfers/assets/cache/google_reviews_cache.json): Failed to open stream: No such file or directory
[2026-04-27 07:44:59] (ERROR @ C:\xampp\htdocs\sr-transfers\core\cache\includes\elements\modx\revolution\modsnippet\1.include.cache.php : 23) PHP warning: file_put_contents(C:/xampp/htdocs/sr-transfers/assets/cache/google_reviews_cache.json): Failed to open stream: No such file or directory
[2026-04-27 07:45:05] (ERROR @ C:\xampp\htdocs\sr-transfers\core\cache\includes\elements\modx\revolution\modsnippet\1.include.cache.php : 23) PHP warning: file_put_contents(C:/xampp/htdocs/sr-transfers/assets/cache/google_reviews_cache.json): Failed to open stream: No such file or directory
[2026-04-27 08:00:30] (ERROR @ C:\xampp\htdocs\sr-transfers\core\cache\includes\elements\modx\revolution\modsnippet\1.include.cache.php : 23) PHP warning: file_put_contents(C:/xampp/htdocs/sr-transfers/assets/cache/google_reviews_cache.json): Failed to open stream: No such file or directory
[2026-04-27 08:02:23] (ERROR @ C:\xampp\htdocs\sr-transfers\core\cache\includes\elements\modx\revolution\modsnippet\1.include.cache.php : 23) PHP warning: file_put_contents(C:/xampp/htdocs/sr-transfers/assets/cache/google_reviews_cache.json): Failed to open stream: No such file or directory
[2026-04-27 08:10:38] (ERROR @ C:\xampp\htdocs\sr-transfers\core\cache\includes\elements\modx\revolution\modsnippet\1.include.cache.php : 23) PHP warning: file_put_contents(C:/xampp/htdocs/sr-transfers/assets/cache/google_reviews_cache.json): Failed to open stream: No such file or directory
[2026-04-27 08:10:49] (ERROR @ C:\xampp\htdocs\sr-transfers\core\cache\includes\elements\modx\revolution\modsnippet\1.include.cache.php : 23) PHP warning: file_put_contents(C:/xampp/htdocs/sr-transfers/assets/cache/google_reviews_cache.json): Failed to open stream: No such file or directory
[2026-04-27 08:24:10] (ERROR @ C:\xampp\htdocs\sr-transfers\core\cache\includes\elements\modx\revolution\modsnippet\1.include.cache.php : 23) PHP warning: file_put_contents(C:/xampp/htdocs/sr-transfers/assets/cache/google_reviews_cache.json): Failed to open stream: No such file or directory
